// Jest Snapshot v1, https://goo.gl/fbAQLP

exports[`SnapShot Test Testing Footer 1`] = `
Array [
  <hr />,
  <center>
    <h3>
      Â© Developer Funnels 
       
    </h3>
  </center>,
]
`;
